package com.hello.world

internal enum class ViewVisibility {
  Visible,

  Invisible,

  Gone
}
