package com.hello.world

enum class ViewVisibility {
  Visible,

  Invisible,

  Gone
}
