package com.hello.world

import kotlin.String

class Greeter(
  private val template: String = "Hello %s"
) {
  fun greet(name: String) {
    println(template.format(name))
  }
}

fun main(vararg args: String) {
  val template = args[0]
  val name = args[1]
  Greeter(template).greet(name)
}
