package br.com.hello.world

import kotlin.String

fun String.greeter() {
  println("""Hello $this""")
}
