package br.com.hello.world

import kotlin.String

fun greeter(name: String) {
  println("""Hello $name""")
}
