package com.hello.world

import com.squareup.moshi.JsonClass
import kotlin.String

@JsonClass(generateAdapter = true)
data class Person(
  val name: String
)
