package com.hello.world

import com.squareup.moshi.JsonClass

@JsonClass(generateAdapter = true)
enum class ViewVisibility {
  Visible,

  Invisible,

  Gone
}
