package com.hello.world

import com.squareup.moshi.JsonClass

@JsonClass
enum class ViewVisibility {
  Visible,

  Invisible,

  Gone
}
