@file:JvmName

package com.hello.world

import kotlin.jvm.JvmName

