@file:JvmName(name = "AnnotationTestSnap")

package com.hello.world

import kotlin.jvm.JvmName

